Archive member included to satisfy reference by file (symbol)

B:/ST/STM32CubeIDE_1.15.1/STM32CubeIDE/plugins/com.st.stm32cube.ide.mcu.externaltools.gnu-tools-for-stm32.12.3.rel1.win32_1.0.100.202403111256/tools/bin/../lib/gcc/arm-none-eabi/12.3.1/../../../../arm-none-eabi/lib/thumb/v7e-m+fp/hard\libc_nano.a(libc_a-exit.o)
                              B:/ST/STM32CubeIDE_1.15.1/STM32CubeIDE/plugins/com.st.stm32cube.ide.mcu.externaltools.gnu-tools-for-stm32.12.3.rel1.win32_1.0.100.202403111256/tools/bin/../lib/gcc/arm-none-eabi/12.3.1/../../../../arm-none-eabi/lib/thumb/v7e-m+fp/hard/crt0.o (exit)
B:/ST/STM32CubeIDE_1.15.1/STM32CubeIDE/plugins/com.st.stm32cube.ide.mcu.externaltools.gnu-tools-for-stm32.12.3.rel1.win32_1.0.100.202403111256/tools/bin/../lib/gcc/arm-none-eabi/12.3.1/../../../../arm-none-eabi/lib/thumb/v7e-m+fp/hard\libc_nano.a(libc_a-findfp.o)
                              B:/ST/STM32CubeIDE_1.15.1/STM32CubeIDE/plugins/com.st.stm32cube.ide.mcu.externaltools.gnu-tools-for-stm32.12.3.rel1.win32_1.0.100.202403111256/tools/bin/../lib/gcc/arm-none-eabi/12.3.1/../../../../arm-none-eabi/lib/thumb/v7e-m+fp/hard\libc_nano.a(libc_a-exit.o) (__stdio_exit_handler)
B:/ST/STM32CubeIDE_1.15.1/STM32CubeIDE/plugins/com.st.stm32cube.ide.mcu.externaltools.gnu-tools-for-stm32.12.3.rel1.win32_1.0.100.202403111256/tools/bin/../lib/gcc/arm-none-eabi/12.3.1/../../../../arm-none-eabi/lib/thumb/v7e-m+fp/hard\libc_nano.a(libc_a-fwalk.o)
                              B:/ST/STM32CubeIDE_1.15.1/STM32CubeIDE/plugins/com.st.stm32cube.ide.mcu.externaltools.gnu-tools-for-stm32.12.3.rel1.win32_1.0.100.202403111256/tools/bin/../lib/gcc/arm-none-eabi/12.3.1/../../../../arm-none-eabi/lib/thumb/v7e-m+fp/hard\libc_nano.a(libc_a-findfp.o) (_fwalk_sglue)
B:/ST/STM32CubeIDE_1.15.1/STM32CubeIDE/plugins/com.st.stm32cube.ide.mcu.externaltools.gnu-tools-for-stm32.12.3.rel1.win32_1.0.100.202403111256/tools/bin/../lib/gcc/arm-none-eabi/12.3.1/../../../../arm-none-eabi/lib/thumb/v7e-m+fp/hard\libc_nano.a(libc_a-stdio.o)
                              B:/ST/STM32CubeIDE_1.15.1/STM32CubeIDE/plugins/com.st.stm32cube.ide.mcu.externaltools.gnu-tools-for-stm32.12.3.rel1.win32_1.0.100.202403111256/tools/bin/../lib/gcc/arm-none-eabi/12.3.1/../../../../arm-none-eabi/lib/thumb/v7e-m+fp/hard\libc_nano.a(libc_a-findfp.o) (__sread)
B:/ST/STM32CubeIDE_1.15.1/STM32CubeIDE/plugins/com.st.stm32cube.ide.mcu.externaltools.gnu-tools-for-stm32.12.3.rel1.win32_1.0.100.202403111256/tools/bin/../lib/gcc/arm-none-eabi/12.3.1/../../../../arm-none-eabi/lib/thumb/v7e-m+fp/hard\libc_nano.a(libc_a-vsprintf.o)
                              ./Console/Console.o (vsprintf)
B:/ST/STM32CubeIDE_1.15.1/STM32CubeIDE/plugins/com.st.stm32cube.ide.mcu.externaltools.gnu-tools-for-stm32.12.3.rel1.win32_1.0.100.202403111256/tools/bin/../lib/gcc/arm-none-eabi/12.3.1/../../../../arm-none-eabi/lib/thumb/v7e-m+fp/hard\libc_nano.a(libc_a-memset.o)
                              B:/ST/STM32CubeIDE_1.15.1/STM32CubeIDE/plugins/com.st.stm32cube.ide.mcu.externaltools.gnu-tools-for-stm32.12.3.rel1.win32_1.0.100.202403111256/tools/bin/../lib/gcc/arm-none-eabi/12.3.1/../../../../arm-none-eabi/lib/thumb/v7e-m+fp/hard/crt0.o (memset)
B:/ST/STM32CubeIDE_1.15.1/STM32CubeIDE/plugins/com.st.stm32cube.ide.mcu.externaltools.gnu-tools-for-stm32.12.3.rel1.win32_1.0.100.202403111256/tools/bin/../lib/gcc/arm-none-eabi/12.3.1/../../../../arm-none-eabi/lib/thumb/v7e-m+fp/hard\libc_nano.a(libc_a-closer.o)
                              B:/ST/STM32CubeIDE_1.15.1/STM32CubeIDE/plugins/com.st.stm32cube.ide.mcu.externaltools.gnu-tools-for-stm32.12.3.rel1.win32_1.0.100.202403111256/tools/bin/../lib/gcc/arm-none-eabi/12.3.1/../../../../arm-none-eabi/lib/thumb/v7e-m+fp/hard\libc_nano.a(libc_a-stdio.o) (_close_r)
B:/ST/STM32CubeIDE_1.15.1/STM32CubeIDE/plugins/com.st.stm32cube.ide.mcu.externaltools.gnu-tools-for-stm32.12.3.rel1.win32_1.0.100.202403111256/tools/bin/../lib/gcc/arm-none-eabi/12.3.1/../../../../arm-none-eabi/lib/thumb/v7e-m+fp/hard\libc_nano.a(libc_a-reent.o)
                              B:/ST/STM32CubeIDE_1.15.1/STM32CubeIDE/plugins/com.st.stm32cube.ide.mcu.externaltools.gnu-tools-for-stm32.12.3.rel1.win32_1.0.100.202403111256/tools/bin/../lib/gcc/arm-none-eabi/12.3.1/../../../../arm-none-eabi/lib/thumb/v7e-m+fp/hard\libc_nano.a(libc_a-closer.o) (errno)
B:/ST/STM32CubeIDE_1.15.1/STM32CubeIDE/plugins/com.st.stm32cube.ide.mcu.externaltools.gnu-tools-for-stm32.12.3.rel1.win32_1.0.100.202403111256/tools/bin/../lib/gcc/arm-none-eabi/12.3.1/../../../../arm-none-eabi/lib/thumb/v7e-m+fp/hard\libc_nano.a(libc_a-impure.o)
                              B:/ST/STM32CubeIDE_1.15.1/STM32CubeIDE/plugins/com.st.stm32cube.ide.mcu.externaltools.gnu-tools-for-stm32.12.3.rel1.win32_1.0.100.202403111256/tools/bin/../lib/gcc/arm-none-eabi/12.3.1/../../../../arm-none-eabi/lib/thumb/v7e-m+fp/hard\libc_nano.a(libc_a-vsprintf.o) (_impure_ptr)
[...]
Memory Configuration

Name             Origin             Length             Attributes
CCMRAM           0x10000000         0x00010000         xrw
RAM              0x20000000         0x00020000         xrw
FLASH            0x08000000         0x00100000         xr
*default*        0x00000000         0xffffffff

Linker script and memory map

LOAD B:/ST/STM32CubeIDE_1.15.1/STM32CubeIDE/plugins/com.st.stm32cube.ide.mcu.externaltools.gnu-tools-for-stm32.12.3.rel1.win32_1.0.100.202403111256/tools/bin/../lib/gcc/arm-none-eabi/12.3.1/thumb/v7e-m+fp/hard/crti.o
LOAD B:/ST/STM32CubeIDE_1.15.1/STM32CubeIDE/plugins/com.st.stm32cube.ide.mcu.externaltools.gnu-tools-for-stm32.12.3.rel1.win32_1.0.100.202403111256/tools/bin/../lib/gcc/arm-none-eabi/12.3.1/thumb/v7e-m+fp/hard/crtbegin.o
LOAD B:/ST/STM32CubeIDE_1.15.1/STM32CubeIDE/plugins/com.st.stm32cube.ide.mcu.externaltools.gnu-tools-for-stm32.12.3.rel1.win32_1.0.100.202403111256/tools/bin/../lib/gcc/arm-none-eabi/12.3.1/../../../../arm-none-eabi/lib/thumb/v7e-m+fp/hard/crt0.o
LOAD ./Console/Console.o
LOAD ./DMA/DMA.o
LOAD ./GPIO/GPIO.o
LOAD ./NRF24L01_Driver/NRF24L01.o
LOAD ./SPI/SPI.o
LOAD ./Src/main.o
LOAD ./Src/syscalls.o
LOAD ./Src/sysmem.o
LOAD ./Src/system_stm32f4xx.o
LOAD ./Startup/startup_stm32f407vgtx.o
LOAD ./USART/USART.o
START GROUP
LOAD B:/ST/STM32CubeIDE_1.15.1/STM32CubeIDE/plugins/com.st.stm32cube.ide.mcu.externaltools.gnu-tools-for-stm32.12.3.rel1.win32_1.0.100.202403111256/tools/bin/../lib/gcc/arm-none-eabi/12.3.1/../../../../arm-none-eabi/lib/thumb/v7e-m+fp/hard\libc_nano.a
LOAD B:/ST/STM32CubeIDE_1.15.1/STM32CubeIDE/plugins/com.st.stm32cube.ide.mcu.externaltools.gnu-tools-for-stm32.12.3.rel1.win32_1.0.100.202403111256/tools/bin/../lib/gcc/arm-none-eabi/12.3.1/../../../../arm-none-eabi/lib/thumb/v7e-m+fp/hard\libm.a
END GROUP
START GROUP
LOAD B:/ST/STM32CubeIDE_1.15.1/STM32CubeIDE/plugins/com.st.stm32cube.ide.mcu.externaltools.gnu-tools-for-stm32.12.3.rel1.win32_1.0.100.202403111256/tools/bin/../lib/gcc/arm-none-eabi/12.3.1/thumb/v7e-m+fp/hard\libgcc.a
LOAD B:/ST/STM32CubeIDE_1.15.1/STM32CubeIDE/plugins/com.st.stm32cube.ide.mcu.externaltools.gnu-tools-for-stm32.12.3.rel1.win32_1.0.100.202403111256/tools/bin/../lib/gcc/arm-none-eabi/12.3.1/../../../../arm-none-eabi/lib/thumb/v7e-m+fp/hard\libc_nano.a
END GROUP
START GROUP
LOAD B:/ST/STM32CubeIDE_1.15.1/STM32CubeIDE/plugins/com.st.stm32cube.ide.mcu.externaltools.gnu-tools-for-stm32.12.3.rel1.win32_1.0.100.202403111256/tools/bin/../lib/gcc/arm-none-eabi/12.3.1/thumb/v7e-m+fp/hard\libgcc.a
LOAD B:/ST/STM32CubeIDE_1.15.1/STM32CubeIDE/plugins/com.st.stm32cube.ide.mcu.externaltools.gnu-tools-for-stm32.12.3.rel1.win32_1.0.100.202403111256/tools/bin/../lib/gcc/arm-none-eabi/12.3.1/../../../../arm-none-eabi/lib/thumb/v7e-m+fp/hard\libc_nano.a
LOAD B:/ST/STM32CubeIDE_1.15.1/STM32CubeIDE/plugins/com.st.stm32cube.ide.mcu.externaltools.gnu-tools-for-stm32.12.3.rel1.win32_1.0.100.202403111256/tools/bin/../lib/gcc/arm-none-eabi/12.3.1/../../../../arm-none-eabi/lib/thumb/v7e-m+fp/hard\libnosys.a
END GROUP
START GROUP
LOAD B:/ST/STM32CubeIDE_1.15.1/STM32CubeIDE/plugins/com.st.stm32cube.ide.mcu.externaltools.gnu-tools-for-stm32.12.3.rel1.win32_1.0.100.202403111256/tools/bin/../lib/gcc/arm-none-eabi/12.3.1/thumb/v7e-m+fp/hard\libgcc.a
LOAD B:/ST/STM32CubeIDE_1.15.1/STM32CubeIDE/plugins/com.st.stm32cube.ide.mcu.externaltools.gnu-tools-for-stm32.12.3.rel1.win32_1.0.100.202403111256/tools/bin/../lib/gcc/arm-none-eabi/12.3.1/../../../../arm-none-eabi/lib/thumb/v7e-m+fp/hard\libc_nano.a
LOAD B:/ST/STM32CubeIDE_1.15.1/STM32CubeIDE/plugins/com.st.stm32cube.ide.mcu.externaltools.gnu-tools-for-stm32.12.3.rel1.win32_1.0.100.202403111256/tools/bin/../lib/gcc/arm-none-eabi/12.3.1/../../../../arm-none-eabi/lib/thumb/v7e-m+fp/hard\libnosys.a
END GROUP
LOAD B:/ST/STM32CubeIDE_1.15.1/STM32CubeIDE/plugins/com.st.stm32cube.ide.mcu.externaltools.gnu-tools-for-stm32.12.3.rel1.win32_1.0.100.202403111256/tools/bin/../lib/gcc/arm-none-eabi/12.3.1/thumb/v7e-m+fp/hard/crtend.o
LOAD B:/ST/STM32CubeIDE_1.15.1/STM32CubeIDE/plugins/com.st.stm32cube.ide.mcu.externaltools.gnu-tools-for-stm32.12.3.rel1.win32_1.0.100.202403111256/tools/bin/../lib/gcc/arm-none-eabi/12.3.1/thumb/v7e-m+fp/hard/crtn.o
                0x20020000                        _estack = (ORIGIN (RAM) + LENGTH (RAM))
                0x00000200                        _Min_Heap_Size = 0x200
                0x00000400                        _Min_Stack_Size = 0x400

.isr_vector     0x08000000      0x188
                0x08000000                        . = ALIGN (0x4)
 *(.isr_vector)
 .isr_vector    0x08000000      0x188 ./Startup/startup_stm32f407vgtx.o
                0x08000000                g_pfnVectors
                0x08000188                        . = ALIGN (0x4)

.text           0x08000188     0x2eb0
                0x08000188                        . = ALIGN (0x4)
 *(.text)
 .text          0x08000188       0x40 B:/ST/STM32CubeIDE_1.15.1/STM32CubeIDE/plugins/com.st.stm32cube.ide.mcu.externaltools.gnu-tools-for-stm32.12.3.rel1.win32_1.0.100.202403111256/tools/bin/../lib/gcc/arm-none-eabi/12.3.1/thumb/v7e-m+fp/hard/crtbegin.o
 .text          0x080001c8      0x378 B:/ST/STM32CubeIDE_1.15.1/STM32CubeIDE/plugins/com.st.stm32cube.ide.mcu.externaltools.gnu-tools-for-stm32.12.3.rel1.win32_1.0.100.202403111256/tools/bin/../lib/gcc/arm-none-eabi/12.3.1/thumb/v7e-m+fp/hard\libgcc.a(_arm_addsubdf3.o)
                0x080001c8                __aeabi_drsub
                0x080001d0                __aeabi_dsub
                0x080001d0                __subdf3
                0x080001d4                __aeabi_dadd
                0x080001d4                __adddf3
                0x0800044c                __floatunsidf
                0x0800044c                __aeabi_ui2d
                0x0800046c                __floatsidf
                0x0800046c                __aeabi_i2d
                0x08000490                __aeabi_f2d
                0x08000490                __extendsfdf2
                0x080004d4                __floatundidf
                0x080004d4                __aeabi_ul2d
                0x080004e4                __floatdidf
                0x080004e4                __aeabi_l2d
 .text          0x08000540      0x424 B:/ST/STM32CubeIDE_1.15.1/STM32CubeIDE/plugins/com.st.stm32cube.ide.mcu.externaltools.gnu-tools-for-stm32.12.3.rel1.win32_1.0.100.202403111256/tools/bin/../lib/gcc/arm-none-eabi/12.3.1/thumb/v7e-m+fp/hard\libgcc.a(_arm_muldivdf3.o)
                0x08000540                __aeabi_dmul
                0x08000540                __muldf3
                0x08000794                __divdf3
                0x08000794                __aeabi_ddiv
 .text          0x08000964      0x110 B:/ST/STM32CubeIDE_1.15.1/STM32CubeIDE/plugins/com.st.stm32cube.ide.mcu.externaltools.gnu-tools-for-stm32.12.3.rel1.win32_1.0.100.202403111256/tools/bin/../lib/gcc/arm-none-eabi/12.3.1/thumb/v7e-m+fp/hard\libgcc.a(_arm_cmpdf2.o)
                0x08000964                __gtdf2
                0x08000964                __gedf2
                0x0800096c                __ltdf2
                0x0800096c                __ledf2
                0x08000974                __nedf2
                0x08000974                __eqdf2
                0x08000974                __cmpdf2
                0x080009f0                __aeabi_cdrcmple
                0x08000a00                __aeabi_cdcmpeq
                0x08000a00                __aeabi_cdcmple
                0x08000a10                __aeabi_dcmpeq
                0x08000a24                __aeabi_dcmplt
                0x08000a38                __aeabi_dcmple
                0x08000a4c                __aeabi_dcmpge
                0x08000a60                __aeabi_dcmpgt
 .text          0x08000a74       0x50 B:/ST/STM32CubeIDE_1.15.1/STM32CubeIDE/plugins/com.st.stm32cube.ide.mcu.externaltools.gnu-tools-for-stm32.12.3.rel1.win32_1.0.100.202403111256/tools/bin/../lib/gcc/arm-none-eabi/12.3.1/thumb/v7e-m+fp/hard\libgcc.a(_arm_fixdfsi.o)
                0x08000a74                __aeabi_d2iz
                0x08000a74                __fixdfsi
 .text          0x08000ac4       0x30 B:/ST/STM32CubeIDE_1.15.1/STM32CubeIDE/plugins/com.st.stm32cube.ide.mcu.externaltools.gnu-tools-for-stm32.12.3.rel1.win32_1.0.100.202403111256/tools/bin/../lib/gcc/arm-none-eabi/12.3.1/thumb/v7e-m+fp/hard\libgcc.a(_fixdfdi.o)
                0x08000ac4                __fixdfdi
                0x08000ac4                __aeabi_d2lz
 .text          0x08000af4       0x3c B:/ST/STM32CubeIDE_1.15.1/STM32CubeIDE/plugins/com.st.stm32cube.ide.mcu.externaltools.gnu-tools-for-stm32.12.3.rel1.win32_1.0.100.202403111256/tools/bin/../lib/gcc/arm-none-eabi/12.3.1/thumb/v7e-m+fp/hard\libgcc.a(_fixunsdfdi.o)
                0x08000af4                __fixunsdfdi
                0x08000af4                __aeabi_d2ulz
 .text          0x08000b30       0x40 B:/ST/STM32CubeIDE_1.15.1/STM32CubeIDE/plugins/com.st.stm32cube.ide.mcu.externaltools.gnu-tools-for-stm32.12.3.rel1.win32_1.0.100.202403111256/tools/bin/../lib/gcc/arm-none-eabi/12.3.1/thumb/v7e-m+fp/hard\libgcc.a(_arm_fixunsdfsi.o)
                0x08000b30                __aeabi_d2uiz
                0x08000b30                __fixunsdfsi
 *(.text*)
 .text.Console_Init
                0x08000b70       0x4c ./Console/Console.o
                0x08000b70                Console_Init
 .text.DMA_Clock_Enable
                0x08000bbc       0x4c ./DMA/DMA.o
                0x08000bbc                DMA_Clock_Enable
 .text.DMA_Init
                0x08000c08       0xb8 ./DMA/DMA.o
                0x08000c08                DMA_Init
 .text.__NVIC_EnableIRQ
                0x08000cc0       0x3c ./GPIO/GPIO.o
 .text.__NVIC_SetPriority
                0x08000cfc       0x54 ./GPIO/GPIO.o
 .text.GPIO_Interrupt_Setup
                0x08000d50      0x140 ./GPIO/GPIO.o
                0x08000d50                GPIO_Interrupt_Setup
 .text.GPIO_Pin_High
                0x08000e90       0x24 ./GPIO/GPIO.o
                0x08000e90                GPIO_Pin_High
 .text.GPIO_Pin_Low
                0x08000eb4       0x26 ./GPIO/GPIO.o
                0x08000eb4                GPIO_Pin_Low
 *fill*         0x08000eda        0x2 
 .text.GPIO_Clock_Enable
                0x08000edc       0xbc ./GPIO/GPIO.o
                0x08000edc                GPIO_Clock_Enable
 .text.GPIO_Pin_Init
                0x08000f98       0xa8 ./GPIO/GPIO.o
                0x08000f98                GPIO_Pin_Init
 .text.write_register
                0x08001040       0x54 ./NRF24L01_Driver/NRF24L01.o
 .text.NRF24L01_Init
                0x08001094      0x114 ./NRF24L01_Driver/NRF24L01.o
                0x08001094                NRF24L01_Init
 .text.SPI_Clock_Enable
                0x080011a8       0x74 ./SPI/SPI.o
                0x080011a8                SPI_Clock_Enable
 .text.SPI_Config_Reset
                0x0800121c       0xcc ./SPI/SPI.o
                0x0800121c                SPI_Config_Reset
 .text.SPI_Pin  0x080012e8      0x84c ./SPI/SPI.o
 .text.SPI_Init
                0x08001b34      0x33c ./SPI/SPI.o
                0x08001b34                SPI_Init
 .text.SPI_Enable
                0x08001e70       0x24 ./SPI/SPI.o
                0x08001e70                SPI_Enable
 .text.SPI_TRX_Byte
                0x08001e94       0x72 ./SPI/SPI.o
                0x08001e94                SPI_TRX_Byte
 .text.SPI_NSS_High
                0x08001f06       0x20 ./SPI/SPI.o
                0x08001f06                SPI_NSS_High
 .text.SPI_NSS_Low
                0x08001f26       0x20 ./SPI/SPI.o
                0x08001f26                SPI_NSS_Low
 *fill*         0x08001f46        0x2 
 .text.__NVIC_SetPriority
                0x08001f48       0x54 ./Src/main.o
 .text.SysTick_Config
                0x08001f9c       0x44 ./Src/main.o
 .text.MCU_Clock_Setup
                0x08001fe0      0x120 ./Src/main.o
 .text.Delay_Config
                0x08002100       0x30 ./Src/main.o
 .text.main     0x08002130       0x50 ./Src/main.o
                0x08002130                main
 .text.SystemInit
                0x08002180       0x24 ./Src/system_stm32f4xx.o
                0x08002180                SystemInit
 .text.SystemCoreClockUpdate
                0x080021a4      0x100 ./Src/system_stm32f4xx.o
                0x080021a4                SystemCoreClockUpdate
 .text.Reset_Handler
                0x080022a4       0x50 ./Startup/startup_stm32f407vgtx.o
                0x080022a4                Reset_Handler
 .text.Default_Handler
                0x080022f4        0x2 ./Startup/startup_stm32f407vgtx.o
                0x080022f4                RTC_Alarm_IRQHandler
                0x080022f4                HASH_RNG_IRQHandler
                0x080022f4                EXTI2_IRQHandler
                0x080022f4                TIM8_CC_IRQHandler
                0x080022f4                DebugMon_Handler
                0x080022f4                TIM1_CC_IRQHandler
                0x080022f4                DMA2_Stream5_IRQHandler
                0x080022f4                HardFault_Handler
                0x080022f4                DMA1_Stream5_IRQHandler
                0x080022f4                SysTick_Handler
                0x080022f4                PVD_IRQHandler
                0x080022f4                SDIO_IRQHandler
                0x080022f4                TAMP_STAMP_IRQHandler
                0x080022f4                PendSV_Handler
                0x080022f4                NMI_Handler
                0x080022f4                CAN2_RX1_IRQHandler
                0x080022f4                EXTI3_IRQHandler
                0x080022f4                TIM8_TRG_COM_TIM14_IRQHandler
                0x080022f4                TIM1_UP_TIM10_IRQHandler
                0x080022f4                TIM8_UP_TIM13_IRQHandler
                0x080022f4                I2C3_ER_IRQHandler
                0x080022f4                EXTI0_IRQHandler
                0x080022f4                I2C2_EV_IRQHandler
                0x080022f4                DMA1_Stream2_IRQHandler
                0x080022f4                CAN1_RX0_IRQHandler
                0x080022f4                FPU_IRQHandler
                0x080022f4                OTG_HS_WKUP_IRQHandler
                0x080022f4                UsageFault_Handler
                0x080022f4                CAN2_SCE_IRQHandler
                0x080022f4                DMA2_Stream2_IRQHandler
                0x080022f4                SPI1_IRQHandler
                0x080022f4                TIM6_DAC_IRQHandler
                0x080022f4                TIM1_BRK_TIM9_IRQHandler
                0x080022f4                DCMI_IRQHandler
                0x080022f4                CAN2_RX0_IRQHandler
                0x080022f4                DMA2_Stream3_IRQHandler
                0x080022f4                USART6_IRQHandler
                0x080022f4                USART3_IRQHandler
                0x080022f4                CRYP_IRQHandler
                0x080022f4                CAN1_RX1_IRQHandler
                0x080022f4                UART5_IRQHandler
                0x080022f4                DMA2_Stream0_IRQHandler
                0x080022f4                TIM4_IRQHandler
                0x080022f4                I2C1_EV_IRQHandler
                0x080022f4                DMA1_Stream6_IRQHandler
                0x080022f4                DMA1_Stream1_IRQHandler
                0x080022f4                UART4_IRQHandler
                0x080022f4                TIM3_IRQHandler
                0x080022f4                RCC_IRQHandler
                0x080022f4                TIM8_BRK_TIM12_IRQHandler
                0x080022f4                Default_Handler
                0x080022f4                EXTI15_10_IRQHandler
                0x080022f4                ADC_IRQHandler
                0x080022f4                DMA1_Stream7_IRQHandler
                0x080022f4                TIM7_IRQHandler
                0x080022f4                CAN2_TX_IRQHandler
                0x080022f4                TIM5_IRQHandler
                0x080022f4                DMA2_Stream7_IRQHandler
                0x080022f4                I2C3_EV_IRQHandler
                0x080022f4                EXTI9_5_IRQHandler
                0x080022f4                RTC_WKUP_IRQHandler
                0x080022f4                ETH_WKUP_IRQHandler
                0x080022f4                SPI2_IRQHandler
                0x080022f4                OTG_HS_EP1_IN_IRQHandler
                0x080022f4                MemManage_Handler
                0x080022f4                DMA1_Stream0_IRQHandler
                0x080022f4                CAN1_TX_IRQHandler
                0x080022f4                SVC_Handler
                0x080022f4                EXTI4_IRQHandler
                0x080022f4                FSMC_IRQHandler
                0x080022f4                ETH_IRQHandler
                0x080022f4                OTG_HS_EP1_OUT_IRQHandler
                0x080022f4                WWDG_IRQHandler
                0x080022f4                TIM2_IRQHandler
                0x080022f4                OTG_FS_WKUP_IRQHandler
                0x080022f4                TIM1_TRG_COM_TIM11_IRQHandler
                0x080022f4                OTG_HS_IRQHandler
                0x080022f4                EXTI1_IRQHandler
                0x080022f4                USART2_IRQHandler
                0x080022f4                I2C2_ER_IRQHandler
                0x080022f4                DMA2_Stream1_IRQHandler
                0x080022f4                CAN1_SCE_IRQHandler
                0x080022f4                DMA2_Stream4_IRQHandler
                0x080022f4                BusFault_Handler
                0x080022f4                USART1_IRQHandler
                0x080022f4                OTG_FS_IRQHandler
                0x080022f4                SPI3_IRQHandler
                0x080022f4                DMA1_Stream4_IRQHandler
                0x080022f4                I2C1_ER_IRQHandler
                0x080022f4                DMA2_Stream6_IRQHandler
                0x080022f4                DMA1_Stream3_IRQHandler
 .text.separateFractionAndIntegral
                0x080022f6       0x4c ./USART/USART.o
 .text.USART_Config_Reset
                0x08002342       0x42 ./USART/USART.o
                0x08002342                USART_Config_Reset
 .text.USART_Clock_Enable
                0x08002384      0x148 ./USART/USART.o
                0x08002384                USART_Clock_Enable
 .text.PIN_Setup
                0x080024cc      0x8b0 ./USART/USART.o
 *fill*         0x08002d7c        0x4 
 .text.USART_Init
                0x08002d80      0x160 ./USART/USART.o
                0x08002d80                USART_Init
 .text.__libc_init_array
                0x08002ee0       0x48 B:/ST/STM32CubeIDE_1.15.1/STM32CubeIDE/plugins/com.st.stm32cube.ide.mcu.externaltools.gnu-tools-for-stm32.12.3.rel1.win32_1.0.100.202403111256/tools/bin/../lib/gcc/arm-none-eabi/12.3.1/../../../../arm-none-eabi/lib/thumb/v7e-m+fp/hard\libc_nano.a(libc_a-init.o)
                0x08002ee0                __libc_init_array
 .text.ceil     0x08002f28       0xf8 B:/ST/STM32CubeIDE_1.15.1/STM32CubeIDE/plugins/com.st.stm32cube.ide.mcu.externaltools.gnu-tools-for-stm32.12.3.rel1.win32_1.0.100.202403111256/tools/bin/../lib/gcc/arm-none-eabi/12.3.1/../../../../arm-none-eabi/lib/thumb/v7e-m+fp/hard\libm.a(libm_a-s_ceil.o)
                0x08002f28                ceil
 *(.glue_7)
 .glue_7        0x08003020        0x0 linker stubs
 *(.glue_7t)
 .glue_7t       0x08003020        0x0 linker stubs
 *(.eh_frame)
 .eh_frame      0x08003020        0x0 B:/ST/STM32CubeIDE_1.15.1/STM32CubeIDE/plugins/com.st.stm32cube.ide.mcu.externaltools.gnu-tools-for-stm32.12.3.rel1.win32_1.0.100.202403111256/tools/bin/../lib/gcc/arm-none-eabi/12.3.1/thumb/v7e-m+fp/hard/crtbegin.o
 *(.init)
 .init          0x08003020        0x4 B:/ST/STM32CubeIDE_1.15.1/STM32CubeIDE/plugins/com.st.stm32cube.ide.mcu.externaltools.gnu-tools-for-stm32.12.3.rel1.win32_1.0.100.202403111256/tools/bin/../lib/gcc/arm-none-eabi/12.3.1/thumb/v7e-m+fp/hard/crti.o
                0x08003020                _init
 .init          0x08003024        0x8 B:/ST/STM32CubeIDE_1.15.1/STM32CubeIDE/plugins/com.st.stm32cube.ide.mcu.externaltools.gnu-tools-for-stm32.12.3.rel1.win32_1.0.100.202403111256/tools/bin/../lib/gcc/arm-none-eabi/12.3.1/thumb/v7e-m+fp/hard/crtn.o
 *(.fini)
 .fini          0x0800302c        0x4 B:/ST/STM32CubeIDE_1.15.1/STM32CubeIDE/plugins/com.st.stm32cube.ide.mcu.externaltools.gnu-tools-for-stm32.12.3.rel1.win32_1.0.100.202403111256/tools/bin/../lib/gcc/arm-none-eabi/12.3.1/thumb/v7e-m+fp/hard/crti.o
                0x0800302c                _fini
 .fini          0x08003030        0x8 B:/ST/STM32CubeIDE_1.15.1/STM32CubeIDE/plugins/com.st.stm32cube.ide.mcu.externaltools.gnu-tools-for-stm32.12.3.rel1.win32_1.0.100.202403111256/tools/bin/../lib/gcc/arm-none-eabi/12.3.1/thumb/v7e-m+fp/hard/crtn.o
                0x08003038                        . = ALIGN (0x4)
                0x08003038                        _etext = .

.vfp11_veneer   0x08003038        0x0
 .vfp11_veneer  0x08003038        0x0 linker stubs

.v4_bx          0x08003038        0x0
 .v4_bx         0x08003038        0x0 linker stubs

.iplt           0x08003038        0x0
 .iplt          0x08003038        0x0 B:/ST/STM32CubeIDE_1.15.1/STM32CubeIDE/plugins/com.st.stm32cube.ide.mcu.externaltools.gnu-tools-for-stm32.12.3.rel1.win32_1.0.100.202403111256/tools/bin/../lib/gcc/arm-none-eabi/12.3.1/thumb/v7e-m+fp/hard/crtbegin.o

.rodata         0x08003038       0x10
                0x08003038                        . = ALIGN (0x4)
 *(.rodata)
 *(.rodata*)
 .rodata.AHBPrescTable
                0x08003038       0x10 ./Src/system_stm32f4xx.o
                0x08003038                AHBPrescTable
                0x08003048                        . = ALIGN (0x4)

.ARM.extab      0x08003048        0x0
                0x08003048                        . = ALIGN (0x4)
 *(.ARM.extab* .gnu.linkonce.armextab.*)
                0x08003048                        . = ALIGN (0x4)

.ARM            0x08003048        0x0
                0x08003048                        . = ALIGN (0x4)
                0x08003048                        __exidx_start = .
 *(.ARM.exidx*)
                0x08003048                        __exidx_end = .
                0x08003048                        . = ALIGN (0x4)

.preinit_array  0x08003048        0x0
                0x08003048                        . = ALIGN (0x4)
                0x08003048                        PROVIDE (__preinit_array_start = .)
 *(.preinit_array*)
                0x08003048                        PROVIDE (__preinit_array_end = .)
                0x08003048                        . = ALIGN (0x4)

.init_array     0x08003048        0x4
                0x08003048                        . = ALIGN (0x4)
                0x08003048                        PROVIDE (__init_array_start = .)
 *(SORT_BY_NAME(.init_array.*))
 *(.init_array*)
 .init_array    0x08003048        0x4 B:/ST/STM32CubeIDE_1.15.1/STM32CubeIDE/plugins/com.st.stm32cube.ide.mcu.externaltools.gnu-tools-for-stm32.12.3.rel1.win32_1.0.100.202403111256/tools/bin/../lib/gcc/arm-none-eabi/12.3.1/thumb/v7e-m+fp/hard/crtbegin.o
                0x0800304c                        PROVIDE (__init_array_end = .)
                0x0800304c                        . = ALIGN (0x4)

.fini_array     0x0800304c        0x4
                0x0800304c                        . = ALIGN (0x4)
                [!provide]                        PROVIDE (__fini_array_start = .)
 *(SORT_BY_NAME(.fini_array.*))
 *(.fini_array*)
 .fini_array    0x0800304c        0x4 B:/ST/STM32CubeIDE_1.15.1/STM32CubeIDE/plugins/com.st.stm32cube.ide.mcu.externaltools.gnu-tools-for-stm32.12.3.rel1.win32_1.0.100.202403111256/tools/bin/../lib/gcc/arm-none-eabi/12.3.1/thumb/v7e-m+fp/hard/crtbegin.o
                [!provide]                        PROVIDE (__fini_array_end = .)
                0x08003050                        . = ALIGN (0x4)
                0x08003050                        _sidata = LOADADDR (.data)

.rel.dyn        0x08003050        0x0
 .rel.iplt      0x08003050        0x0 B:/ST/STM32CubeIDE_1.15.1/STM32CubeIDE/plugins/com.st.stm32cube.ide.mcu.externaltools.gnu-tools-for-stm32.12.3.rel1.win32_1.0.100.202403111256/tools/bin/../lib/gcc/arm-none-eabi/12.3.1/thumb/v7e-m+fp/hard/crtbegin.o

.data           0x20000000        0x4 load address 0x08003050
                0x20000000                        . = ALIGN (0x4)
                0x20000000                        _sdata = .
 *(.data)
 *(.data*)
 .data.SystemCoreClock
                0x20000000        0x4 ./Src/system_stm32f4xx.o
                0x20000000                SystemCoreClock
 *(.RamFunc)
 *(.RamFunc*)
                0x20000004                        . = ALIGN (0x4)
                0x20000004                        _edata = .
                0x08003054                        _siccmram = LOADADDR (.ccmram)

.igot.plt       0x20000004        0x0 load address 0x08003054
 .igot.plt      0x20000004        0x0 B:/ST/STM32CubeIDE_1.15.1/STM32CubeIDE/plugins/com.st.stm32cube.ide.mcu.externaltools.gnu-tools-for-stm32.12.3.rel1.win32_1.0.100.202403111256/tools/bin/../lib/gcc/arm-none-eabi/12.3.1/thumb/v7e-m+fp/hard/crtbegin.o

.ccmram         0x10000000        0x0 load address 0x08003054
                0x10000000                        . = ALIGN (0x4)
                0x10000000                        _sccmram = .
 *(.ccmram)
 *(.ccmram*)
                0x10000000                        . = ALIGN (0x4)
                0x10000000                        _eccmram = .
                0x10000000                        . = ALIGN (0x4)

.bss            0x20000004      0x124
                0x20000004                        _sbss = .
                0x20000004                        __bss_start__ = _sbss
 *(.bss)
 .bss           0x20000004       0x1c B:/ST/STM32CubeIDE_1.15.1/STM32CubeIDE/plugins/com.st.stm32cube.ide.mcu.externaltools.gnu-tools-for-stm32.12.3.rel1.win32_1.0.100.202403111256/tools/bin/../lib/gcc/arm-none-eabi/12.3.1/thumb/v7e-m+fp/hard/crtbegin.o
 *(.bss*)
 .bss.serial    0x20000020       0x18 ./Console/Console.o
                0x20000020                serial
 .bss.nrf24_spi
                0x20000038       0x28 ./NRF24L01_Driver/NRF24L01.o
                0x20000038                nrf24_spi
 .bss.xDMA_TX   0x20000060       0x34 ./SPI/SPI.o
                0x20000060                xDMA_TX
 .bss.xDMA_RX   0x20000094       0x34 ./SPI/SPI.o
                0x20000094                xDMA_RX
 .bss.master1   0x200000c8       0x38 ./Src/main.o
                0x200000c8                master1
 .bss.master_slave1
                0x20000100       0x28 ./Src/main.o
                0x20000100                master_slave1
 *(COMMON)
                0x20000128                        . = ALIGN (0x4)
                0x20000128                        _ebss = .
                0x20000128                        __bss_end__ = _ebss

._user_heap_stack
                0x20000128      0x600
                0x20000128                        . = ALIGN (0x8)
                [!provide]                        PROVIDE (end = .)
                0x20000128                        PROVIDE (_end = .)
                0x20000328                        . = (. + _Min_Heap_Size)
 *fill*         0x20000128      0x200 
                0x20000728                        . = (. + _Min_Stack_Size)
 *fill*         0x20000328      0x400 
                0x20000728                        . = ALIGN (0x8)

/DISCARD/
 libc.a(*)
 libm.a(*)
 libgcc.a(*)

.ARM.attributes
                0x00000000       0x30
 *(.ARM.attributes)
 .ARM.attributes
                0x00000000       0x22 B:/ST/STM32CubeIDE_1.15.1/STM32CubeIDE/plugins/com.st.stm32cube.ide.mcu.externaltools.gnu-tools-for-stm32.12.3.rel1.win32_1.0.100.202403111256/tools/bin/../lib/gcc/arm-none-eabi/12.3.1/thumb/v7e-m+fp/hard/crti.o
 .ARM.attributes
                0x00000022       0x34 B:/ST/STM32CubeIDE_1.15.1/STM32CubeIDE/plugins/com.st.stm32cube.ide.mcu.externaltools.gnu-tools-for-stm32.12.3.rel1.win32_1.0.100.202403111256/tools/bin/../lib/gcc/arm-none-eabi/12.3.1/thumb/v7e-m+fp/hard/crtbegin.o
 .ARM.attributes
                0x00000056       0x34 ./Console/Console.o
 .ARM.attributes
                0x0000008a       0x34 ./DMA/DMA.o
 .ARM.attributes
                0x000000be       0x34 ./GPIO/GPIO.o
 .ARM.attributes
                0x000000f2       0x34 ./NRF24L01_Driver/NRF24L01.o
 .ARM.attributes
                0x00000126       0x34 ./SPI/SPI.o
 .ARM.attributes
                0x0000015a       0x34 ./Src/main.o
 .ARM.attributes
                0x0000018e       0x34 ./Src/system_stm32f4xx.o
 .ARM.attributes
                0x000001c2       0x21 ./Startup/startup_stm32f407vgtx.o
 .ARM.attributes
                0x000001e3       0x34 ./USART/USART.o
 .ARM.attributes
                0x00000217       0x34 B:/ST/STM32CubeIDE_1.15.1/STM32CubeIDE/plugins/com.st.stm32cube.ide.mcu.externaltools.gnu-tools-for-stm32.12.3.rel1.win32_1.0.100.202403111256/tools/bin/../lib/gcc/arm-none-eabi/12.3.1/../../../../arm-none-eabi/lib/thumb/v7e-m+fp/hard\libc_nano.a(libc_a-init.o)
 .ARM.attributes
                0x0000024b       0x34 B:/ST/STM32CubeIDE_1.15.1/STM32CubeIDE/plugins/com.st.stm32cube.ide.mcu.externaltools.gnu-tools-for-stm32.12.3.rel1.win32_1.0.100.202403111256/tools/bin/../lib/gcc/arm-none-eabi/12.3.1/../../../../arm-none-eabi/lib/thumb/v7e-m+fp/hard\libm.a(libm_a-s_ceil.o)
 .ARM.attributes
                0x0000027f       0x22 B:/ST/STM32CubeIDE_1.15.1/STM32CubeIDE/plugins/com.st.stm32cube.ide.mcu.externaltools.gnu-tools-for-stm32.12.3.rel1.win32_1.0.100.202403111256/tools/bin/../lib/gcc/arm-none-eabi/12.3.1/thumb/v7e-m+fp/hard\libgcc.a(_arm_addsubdf3.o)
 .ARM.attributes
                0x000002a1       0x22 B:/ST/STM32CubeIDE_1.15.1/STM32CubeIDE/plugins/com.st.stm32cube.ide.mcu.externaltools.gnu-tools-for-stm32.12.3.rel1.win32_1.0.100.202403111256/tools/bin/../lib/gcc/arm-none-eabi/12.3.1/thumb/v7e-m+fp/hard\libgcc.a(_arm_muldivdf3.o)
 .ARM.attributes
                0x000002c3       0x22 B:/ST/STM32CubeIDE_1.15.1/STM32CubeIDE/plugins/com.st.stm32cube.ide.mcu.externaltools.gnu-tools-for-stm32.12.3.rel1.win32_1.0.100.202403111256/tools/bin/../lib/gcc/arm-none-eabi/12.3.1/thumb/v7e-m+fp/hard\libgcc.a(_arm_cmpdf2.o)
 .ARM.attributes
                0x000002e5       0x22 B:/ST/STM32CubeIDE_1.15.1/STM32CubeIDE/plugins/com.st.stm32cube.ide.mcu.externaltools.gnu-tools-for-stm32.12.3.rel1.win32_1.0.100.202403111256/tools/bin/../lib/gcc/arm-none-eabi/12.3.1/thumb/v7e-m+fp/hard\libgcc.a(_arm_fixdfsi.o)
 .ARM.attributes
                0x00000307       0x34 B:/ST/STM32CubeIDE_1.15.1/STM32CubeIDE/plugins/com.st.stm32cube.ide.mcu.externaltools.gnu-tools-for-stm32.12.3.rel1.win32_1.0.100.202403111256/tools/bin/../lib/gcc/arm-none-eabi/12.3.1/thumb/v7e-m+fp/hard\libgcc.a(_fixdfdi.o)
 .ARM.attributes
                0x0000033b       0x34 B:/ST/STM32CubeIDE_1.15.1/STM32CubeIDE/plugins/com.st.stm32cube.ide.mcu.externaltools.gnu-tools-for-stm32.12.3.rel1.win32_1.0.100.202403111256/tools/bin/../lib/gcc/arm-none-eabi/12.3.1/thumb/v7e-m+fp/hard\libgcc.a(_fixunsdfdi.o)
 .ARM.attributes
                0x0000036f       0x22 B:/ST/STM32CubeIDE_1.15.1/STM32CubeIDE/plugins/com.st.stm32cube.ide.mcu.externaltools.gnu-tools-for-stm32.12.3.rel1.win32_1.0.100.202403111256/tools/bin/../lib/gcc/arm-none-eabi/12.3.1/thumb/v7e-m+fp/hard\libgcc.a(_arm_fixunsdfsi.o)
 .ARM.attributes
                0x00000391       0x22 B:/ST/STM32CubeIDE_1.15.1/STM32CubeIDE/plugins/com.st.stm32cube.ide.mcu.externaltools.gnu-tools-for-stm32.12.3.rel1.win32_1.0.100.202403111256/tools/bin/../lib/gcc/arm-none-eabi/12.3.1/thumb/v7e-m+fp/hard/crtn.o
OUTPUT(NRF24L01_Driver.elf elf32-littlearm)
LOAD linker stubs
LOAD B:/ST/STM32CubeIDE_1.15.1/STM32CubeIDE/plugins/com.st.stm32cube.ide.mcu.externaltools.gnu-tools-for-stm32.12.3.rel1.win32_1.0.100.202403111256/tools/bin/../lib/gcc/arm-none-eabi/12.3.1/../../../../arm-none-eabi/lib/thumb/v7e-m+fp/hard\libc.a
LOAD B:/ST/STM32CubeIDE_1.15.1/STM32CubeIDE/plugins/com.st.stm32cube.ide.mcu.externaltools.gnu-tools-for-stm32.12.3.rel1.win32_1.0.100.202403111256/tools/bin/../lib/gcc/arm-none-eabi/12.3.1/../../../../arm-none-eabi/lib/thumb/v7e-m+fp/hard\libm.a
LOAD B:/ST/STM32CubeIDE_1.15.1/STM32CubeIDE/plugins/com.st.stm32cube.ide.mcu.externaltools.gnu-tools-for-stm32.12.3.rel1.win32_1.0.100.202403111256/tools/bin/../lib/gcc/arm-none-eabi/12.3.1/thumb/v7e-m+fp/hard\libgcc.a

.debug_info     0x00000000     0x96b1
 .debug_info    0x00000000     0x100b ./Console/Console.o
 .debug_info    0x0000100b      0x8ea ./DMA/DMA.o
 .debug_info    0x000018f5      0xdf1 ./GPIO/GPIO.o
 .debug_info    0x000026e6     0x1c5a ./NRF24L01_Driver/NRF24L01.o
 .debug_info    0x00004340     0x16d6 ./SPI/SPI.o
 .debug_info    0x00005a16     0x2440 ./Src/main.o
 .debug_info    0x00007e56      0x50b ./Src/system_stm32f4xx.o
 .debug_info    0x00008361       0x30 ./Startup/startup_stm32f407vgtx.o
 .debug_info    0x00008391     0x1320 ./USART/USART.o

.debug_abbrev   0x00000000      0xf74
 .debug_abbrev  0x00000000      0x1e9 ./Console/Console.o
 .debug_abbrev  0x000001e9      0x155 ./DMA/DMA.o
 .debug_abbrev  0x0000033e      0x20f ./GPIO/GPIO.o
 .debug_abbrev  0x0000054d      0x222 ./NRF24L01_Driver/NRF24L01.o
 .debug_abbrev  0x0000076f      0x238 ./SPI/SPI.o
 .debug_abbrev  0x000009a7      0x26f ./Src/main.o
 .debug_abbrev  0x00000c16      0x11a ./Src/system_stm32f4xx.o
 .debug_abbrev  0x00000d30       0x24 ./Startup/startup_stm32f407vgtx.o
 .debug_abbrev  0x00000d54      0x220 ./USART/USART.o

.debug_aranges  0x00000000      0x280
 .debug_aranges
                0x00000000       0x38 ./Console/Console.o
 .debug_aranges
                0x00000038       0x48 ./DMA/DMA.o
 .debug_aranges
                0x00000080       0x58 ./GPIO/GPIO.o
 .debug_aranges
                0x000000d8       0x40 ./NRF24L01_Driver/NRF24L01.o
 .debug_aranges
                0x00000118       0x70 ./SPI/SPI.o
 .debug_aranges
                0x00000188       0x40 ./Src/main.o
 .debug_aranges
                0x000001c8       0x28 ./Src/system_stm32f4xx.o
 .debug_aranges
                0x000001f0       0x28 ./Startup/startup_stm32f407vgtx.o
 .debug_aranges
                0x00000218       0x68 ./USART/USART.o

.debug_rnglists
                0x00000000      0x1c5
 .debug_rnglists
                0x00000000       0x26 ./Console/Console.o
 .debug_rnglists
                0x00000026       0x32 ./DMA/DMA.o
 .debug_rnglists
                0x00000058       0x41 ./GPIO/GPIO.o
 .debug_rnglists
                0x00000099       0x2d ./NRF24L01_Driver/NRF24L01.o
 .debug_rnglists
                0x000000c6       0x53 ./SPI/SPI.o
 .debug_rnglists
                0x00000119       0x2c ./Src/main.o
 .debug_rnglists
                0x00000145       0x1a ./Src/system_stm32f4xx.o
 .debug_rnglists
                0x0000015f       0x19 ./Startup/startup_stm32f407vgtx.o
 .debug_rnglists
                0x00000178       0x4d ./USART/USART.o

.debug_macro    0x00000000    0x1a627
 .debug_macro   0x00000000      0x286 ./Console/Console.o
 .debug_macro   0x00000286      0xaba ./Console/Console.o
 .debug_macro   0x00000d40       0x2f ./Console/Console.o
 .debug_macro   0x00000d6f       0x22 ./Console/Console.o
 .debug_macro   0x00000d91       0x8e ./Console/Console.o
 .debug_macro   0x00000e1f       0x51 ./Console/Console.o
 .debug_macro   0x00000e70      0x103 ./Console/Console.o
 .debug_macro   0x00000f73       0x6a ./Console/Console.o
 .debug_macro   0x00000fdd      0x1df ./Console/Console.o
 .debug_macro   0x000011bc       0x1c ./Console/Console.o
 .debug_macro   0x000011d8       0x22 ./Console/Console.o
 .debug_macro   0x000011fa       0xd9 ./Console/Console.o
 .debug_macro   0x000012d3     0x102d ./Console/Console.o
 .debug_macro   0x00002300      0x11f ./Console/Console.o
 .debug_macro   0x0000241f    0x15e89 ./Console/Console.o
 .debug_macro   0x000182a8       0x97 ./Console/Console.o
 .debug_macro   0x0001833f       0x61 ./Console/Console.o
 .debug_macro   0x000183a0       0x2a ./Console/Console.o
 .debug_macro   0x000183ca       0x43 ./Console/Console.o
 .debug_macro   0x0001840d       0x34 ./Console/Console.o
 .debug_macro   0x00018441       0x16 ./Console/Console.o
 .debug_macro   0x00018457       0x9e ./Console/Console.o
 .debug_macro   0x000184f5      0x369 ./Console/Console.o
 .debug_macro   0x0001885e      0x10b ./Console/Console.o
 .debug_macro   0x00018969       0x10 ./Console/Console.o
 .debug_macro   0x00018979       0x16 ./Console/Console.o
 .debug_macro   0x0001898f       0x43 ./Console/Console.o
 .debug_macro   0x000189d2       0x34 ./Console/Console.o
 .debug_macro   0x00018a06       0x10 ./Console/Console.o
 .debug_macro   0x00018a16       0x58 ./Console/Console.o
 .debug_macro   0x00018a6e       0x8e ./Console/Console.o
 .debug_macro   0x00018afc       0x1c ./Console/Console.o
 .debug_macro   0x00018b18      0x177 ./Console/Console.o
 .debug_macro   0x00018c8f       0x16 ./Console/Console.o
 .debug_macro   0x00018ca5       0x16 ./Console/Console.o
 .debug_macro   0x00018cbb      0x146 ./Console/Console.o
 .debug_macro   0x00018e01      0x19b ./Console/Console.o
 .debug_macro   0x00018f9c       0x10 ./Console/Console.o
 .debug_macro   0x00018fac       0x35 ./Console/Console.o
 .debug_macro   0x00018fe1      0x460 ./Console/Console.o
 .debug_macro   0x00019441       0x16 ./Console/Console.o
 .debug_macro   0x00019457       0x20 ./Console/Console.o
 .debug_macro   0x00019477       0x16 ./Console/Console.o
 .debug_macro   0x0001948d       0x16 ./Console/Console.o
 .debug_macro   0x000194a3       0x29 ./Console/Console.o
 .debug_macro   0x000194cc       0x4c ./Console/Console.o
 .debug_macro   0x00019518       0x22 ./Console/Console.o
 .debug_macro   0x0001953a       0x16 ./Console/Console.o
 .debug_macro   0x00019550      0x272 ./DMA/DMA.o
 .debug_macro   0x000197c2      0x268 ./GPIO/GPIO.o
 .debug_macro   0x00019a2a      0x2ba ./NRF24L01_Driver/NRF24L01.o
 .debug_macro   0x00019ce4      0x29a ./SPI/SPI.o
 .debug_macro   0x00019f7e      0x2b8 ./Src/main.o
 .debug_macro   0x0001a236       0xda ./Src/system_stm32f4xx.o
 .debug_macro   0x0001a310       0x2e ./Src/system_stm32f4xx.o
 .debug_macro   0x0001a33e       0x6d ./Src/system_stm32f4xx.o
 .debug_macro   0x0001a3ab      0x27c ./USART/USART.o

.debug_line     0x00000000     0x5ede
 .debug_line    0x00000000      0x82e ./Console/Console.o
 .debug_line    0x0000082e      0x83d ./DMA/DMA.o
 .debug_line    0x0000106b      0x918 ./GPIO/GPIO.o
 .debug_line    0x00001983      0x8ff ./NRF24L01_Driver/NRF24L01.o
 .debug_line    0x00002282     0x1702 ./SPI/SPI.o
 .debug_line    0x00003984      0x97b ./Src/main.o
 .debug_line    0x000042ff      0x539 ./Src/system_stm32f4xx.o
 .debug_line    0x00004838       0x7b ./Startup/startup_stm32f407vgtx.o
 .debug_line    0x000048b3     0x162b ./USART/USART.o

.debug_str      0x00000000    0x8f242
 .debug_str     0x00000000    0x8dadf ./Console/Console.o
                              0x8dde4 (size before relaxing)
 .debug_str     0x0008dadf      0x5ac ./DMA/DMA.o
                              0x8dc84 (size before relaxing)
 .debug_str     0x0008e08b      0x66f ./GPIO/GPIO.o
                              0x8e0bb (size before relaxing)
 .debug_str     0x0008e6fa      0x7e6 ./NRF24L01_Driver/NRF24L01.o
                              0x8e57f (size before relaxing)
 .debug_str     0x0008eee0       0xa3 ./SPI/SPI.o
                              0x8e34e (size before relaxing)
 .debug_str     0x0008ef83       0xe5 ./Src/main.o
                              0x8ec40 (size before relaxing)
 .debug_str     0x0008f068       0x99 ./Src/system_stm32f4xx.o
                              0x882fd (size before relaxing)
 .debug_str     0x0008f101       0x3f ./Startup/startup_stm32f407vgtx.o
                                 0x6b (size before relaxing)
 .debug_str     0x0008f140      0x102 ./USART/USART.o
                              0x8df8e (size before relaxing)

.comment        0x00000000       0x43
 .comment       0x00000000       0x43 ./Console/Console.o
                                 0x44 (size before relaxing)
 .comment       0x00000043       0x44 ./DMA/DMA.o
 .comment       0x00000043       0x44 ./GPIO/GPIO.o
 .comment       0x00000043       0x44 ./NRF24L01_Driver/NRF24L01.o
 .comment       0x00000043       0x44 ./SPI/SPI.o
 .comment       0x00000043       0x44 ./Src/main.o
 .comment       0x00000043       0x44 ./Src/system_stm32f4xx.o
 .comment       0x00000043       0x44 ./USART/USART.o

.debug_frame    0x00000000      0xb14
 .debug_frame   0x00000000       0xc4 ./Console/Console.o
 .debug_frame   0x000000c4       0xfc ./DMA/DMA.o
 .debug_frame   0x000001c0      0x148 ./GPIO/GPIO.o
 .debug_frame   0x00000308       0xcc ./NRF24L01_Driver/NRF24L01.o
 .debug_frame   0x000003d4      0x1c4 ./SPI/SPI.o
 .debug_frame   0x00000598       0xc0 ./Src/main.o
 .debug_frame   0x00000658       0x58 ./Src/system_stm32f4xx.o
 .debug_frame   0x000006b0      0x19c ./USART/USART.o
 .debug_frame   0x0000084c       0x2c B:/ST/STM32CubeIDE_1.15.1/STM32CubeIDE/plugins/com.st.stm32cube.ide.mcu.externaltools.gnu-tools-for-stm32.12.3.rel1.win32_1.0.100.202403111256/tools/bin/../lib/gcc/arm-none-eabi/12.3.1/../../../../arm-none-eabi/lib/thumb/v7e-m+fp/hard\libc_nano.a(libc_a-init.o)
 .debug_frame   0x00000878       0x30 B:/ST/STM32CubeIDE_1.15.1/STM32CubeIDE/plugins/com.st.stm32cube.ide.mcu.externaltools.gnu-tools-for-stm32.12.3.rel1.win32_1.0.100.202403111256/tools/bin/../lib/gcc/arm-none-eabi/12.3.1/../../../../arm-none-eabi/lib/thumb/v7e-m+fp/hard\libm.a(libm_a-s_ceil.o)
 .debug_frame   0x000008a8       0xac B:/ST/STM32CubeIDE_1.15.1/STM32CubeIDE/plugins/com.st.stm32cube.ide.mcu.externaltools.gnu-tools-for-stm32.12.3.rel1.win32_1.0.100.202403111256/tools/bin/../lib/gcc/arm-none-eabi/12.3.1/thumb/v7e-m+fp/hard\libgcc.a(_arm_addsubdf3.o)
 .debug_frame   0x00000954       0x50 B:/ST/STM32CubeIDE_1.15.1/STM32CubeIDE/plugins/com.st.stm32cube.ide.mcu.externaltools.gnu-tools-for-stm32.12.3.rel1.win32_1.0.100.202403111256/tools/bin/../lib/gcc/arm-none-eabi/12.3.1/thumb/v7e-m+fp/hard\libgcc.a(_arm_muldivdf3.o)
 .debug_frame   0x000009a4       0xc4 B:/ST/STM32CubeIDE_1.15.1/STM32CubeIDE/plugins/com.st.stm32cube.ide.mcu.externaltools.gnu-tools-for-stm32.12.3.rel1.win32_1.0.100.202403111256/tools/bin/../lib/gcc/arm-none-eabi/12.3.1/thumb/v7e-m+fp/hard\libgcc.a(_arm_cmpdf2.o)
 .debug_frame   0x00000a68       0x24 B:/ST/STM32CubeIDE_1.15.1/STM32CubeIDE/plugins/com.st.stm32cube.ide.mcu.externaltools.gnu-tools-for-stm32.12.3.rel1.win32_1.0.100.202403111256/tools/bin/../lib/gcc/arm-none-eabi/12.3.1/thumb/v7e-m+fp/hard\libgcc.a(_arm_fixdfsi.o)
 .debug_frame   0x00000a8c       0x38 B:/ST/STM32CubeIDE_1.15.1/STM32CubeIDE/plugins/com.st.stm32cube.ide.mcu.externaltools.gnu-tools-for-stm32.12.3.rel1.win32_1.0.100.202403111256/tools/bin/../lib/gcc/arm-none-eabi/12.3.1/thumb/v7e-m+fp/hard\libgcc.a(_fixdfdi.o)
 .debug_frame   0x00000ac4       0x2c B:/ST/STM32CubeIDE_1.15.1/STM32CubeIDE/plugins/com.st.stm32cube.ide.mcu.externaltools.gnu-tools-for-stm32.12.3.rel1.win32_1.0.100.202403111256/tools/bin/../lib/gcc/arm-none-eabi/12.3.1/thumb/v7e-m+fp/hard\libgcc.a(_fixunsdfdi.o)
 .debug_frame   0x00000af0       0x24 B:/ST/STM32CubeIDE_1.15.1/STM32CubeIDE/plugins/com.st.stm32cube.ide.mcu.externaltools.gnu-tools-for-stm32.12.3.rel1.win32_1.0.100.202403111256/tools/bin/../lib/gcc/arm-none-eabi/12.3.1/thumb/v7e-m+fp/hard\libgcc.a(_arm_fixunsdfsi.o)

.debug_line_str
                0x00000000       0x4f
 .debug_line_str
                0x00000000       0x4f ./Startup/startup_stm32f407vgtx.o
